const ContractVersion = "1.0.0"

type ArtifactConfig struct {
	// Registry is the target Docker registry (e.g.
	// registry.gitlab.com/my-org/my-project/service).
	Registry	string
	// RegistryURL is the Docker registry URL used for authentication.
	RegistryURL	string
	// RegistryUser is the registry username (e.g. gitlab-ci-token in CI).
	RegistryUser	string
	// RegistryPass is the registry password/personal access token,
	// carried as a Dagger secret so it never surfaces as plaintext.
	RegistryPass	*dagger.Secret
	// RegistryToken is the registry authentication token, carried as a
	// Dagger secret so it never surfaces as plaintext.
	RegistryToken	*dagger.Secret
	// ImageName is the published image name.
	ImageName	string
	// ImageTag is the published image tag (e.g. latest, sha, v1.2.3).
	ImageTag	string
	// BuildTag is the build tag associated with the artifact.
	BuildTag	string
	// CommitSHA is the commit SHA the artifact was built from.
	CommitSHA	string
	// BranchName is the Git branch the artifact was built from.
	BranchName	string
	// Version is the artifact version.
	Version	string
	// Token is a generic authentication token, carried as a Dagger secret
	// so it never surfaces as plaintext.
	Token	*dagger.Secret
}

type Artifactor interface {
	Publish(ctx context.Context, build *dagger.Directory, ref string, creds *dagger.Secret) (string, error)
}

type BuildConfig struct {
	// GoVersion is the Go toolchain version to use (e.g. "1.26.1").
	GoVersion	string
	// JavaVersion is the Java toolchain version to use (e.g. "17").
	JavaVersion	string
	// BuildMode selects how the Builder produces its output (e.g.
	// "binary", "docker", "both"). Left as a plain string here; a
	// concrete Builder implementation owns its own enum.
	BuildMode	string
	// BinaryName is the name of the output binary file, when applicable.
	BinaryName	string
}

type Builder interface {
	Build(ctx context.Context, source *dagger.Directory) (*dagger.Directory, error)
}

type DeployConfig struct{}

type Deployer interface {
	Deploy(ctx context.Context, artifactRef, environment string, creds *dagger.Secret) (string, error)
}

type RunConfig struct{}

type Runner interface {
	Run(ctx context.Context, build *dagger.Directory) (*dagger.Container, error)
}

type SourceConfig struct {
	// GitRepo is the Git repository URL.
	GitRepo	string
	// GitRef is the Git reference (branch or tag) to check out.
	GitRef	string
	// GitProtocol is the Git transport protocol ("ssh" or "https").
	GitProtocol	string
	// GitUserEmail is the Git user email used for any commits made during
	// the pipeline.
	GitUserEmail	string
	// GitUserName is the Git user name used for any commits made during
	// the pipeline.
	GitUserName	string
	// SSHPrivateKey is the SSH private key used for Git authentication,
	// carried as a Dagger secret so it never surfaces as plaintext.
	SSHPrivateKey	*dagger.Secret
}

type TestConfig struct {
	// Coverage is the minimum required test coverage percentage.
	Coverage float64
}

type Tester interface {
	Test(ctx context.Context, source *dagger.Directory) (*dagger.File, error)
}

